------------------------------------------------------------
TimeQuest Timing Analyzer Summary
------------------------------------------------------------

Type  : Slow 1200mV 85C Model Setup 'frequency_divider:comb_3|clk'
Slack : -0.331
TNS   : -0.676

Type  : Slow 1200mV 85C Model Setup 'clk_50mhz'
Slack : 0.071
TNS   : 0.000

Type  : Slow 1200mV 85C Model Hold 'clk_50mhz'
Slack : -0.283
TNS   : -0.283

Type  : Slow 1200mV 85C Model Hold 'frequency_divider:comb_3|clk'
Slack : 0.456
TNS   : 0.000

Type  : Slow 1200mV 85C Model Minimum Pulse Width 'clk_50mhz'
Slack : -3.000
TNS   : -4.487

Type  : Slow 1200mV 85C Model Minimum Pulse Width 'frequency_divider:comb_3|clk'
Slack : -1.487
TNS   : -5.948

Type  : Slow 1200mV 0C Model Setup 'frequency_divider:comb_3|clk'
Slack : -0.200
TNS   : -0.391

Type  : Slow 1200mV 0C Model Setup 'clk_50mhz'
Slack : 0.181
TNS   : 0.000

Type  : Slow 1200mV 0C Model Hold 'clk_50mhz'
Slack : -0.349
TNS   : -0.349

Type  : Slow 1200mV 0C Model Hold 'frequency_divider:comb_3|clk'
Slack : 0.402
TNS   : 0.000

Type  : Slow 1200mV 0C Model Minimum Pulse Width 'clk_50mhz'
Slack : -3.000
TNS   : -4.487

Type  : Slow 1200mV 0C Model Minimum Pulse Width 'frequency_divider:comb_3|clk'
Slack : -1.487
TNS   : -5.948

Type  : Fast 1200mV 0C Model Setup 'clk_50mhz'
Slack : 0.282
TNS   : 0.000

Type  : Fast 1200mV 0C Model Setup 'frequency_divider:comb_3|clk'
Slack : 0.418
TNS   : 0.000

Type  : Fast 1200mV 0C Model Hold 'clk_50mhz'
Slack : -0.111
TNS   : -0.111

Type  : Fast 1200mV 0C Model Hold 'frequency_divider:comb_3|clk'
Slack : 0.187
TNS   : 0.000

Type  : Fast 1200mV 0C Model Minimum Pulse Width 'clk_50mhz'
Slack : -3.000
TNS   : -4.088

Type  : Fast 1200mV 0C Model Minimum Pulse Width 'frequency_divider:comb_3|clk'
Slack : -1.000
TNS   : -4.000

------------------------------------------------------------
